XV6_TEST_OUTPUT : Return value of clone system call: -1
