XV6_TEST_OUTPUT : Return value of join system call: -1
