XV6_TEST_OUTPUT : Correct PIDs returned by clone() and join()
