XV6_TEST_OUTPUT : Correct PIDs returned by thread_create and thread_join
