XV6_TEST_OUTPUT : i before threadfunc = 0
XV6_TEST_OUTPUT : i after threadfunc = 31415
