XV6_TEST_OUTPUT: Return value of mprotect with len 0: -1
XV6_TEST_OUTPUT: Return value of mprotect with len -1: -1
XV6_TEST_OUTPUT: Return value of mprotect with unaligned Page Address: -1
