XV6_TEST_OUTPUT: Return value of munprotect with len 1: 0
XV6_TEST_OUTPUT: Return value of munprotect with len 2: 0
