XV6_TEST_OUTPUT: Return value of mprotect : 0
XV6_TEST_OUTPUT: Return value of munprotect : 0
XV6_TEST_OUTPUT: Written to 0x1000
